// Jest Snapshot v1, https://goo.gl/fbAQLP

exports[`App capturing snapshot of App 1`] = `<Connect(App) />`;
