// Jest Snapshot v1, https://goo.gl/fbAQLP

exports[`<Counter /> render() renders the component 1`] = `
<div
  className="sc-bwzfXH fSAIos"
>
  <Button
    title="Add"
  />
  <Button
    disable={false}
    title="Reset"
  />
  <Button
    disable={false}
    title="Remove"
  />
</div>
`;
